// Jest Snapshot v1, https://goo.gl/fbAQLP

exports[`Places Slug should render the slug 1`] = `
<div>
  <div
    class="max-w-5xl mx-auto font-sans w-full py-6 px-4"
  >
    <div
      class="flex flex-col"
    >
      <div
        class="h-10 rounded-xl animate-pulse flex bg-neutral-200 w-[200px] items-center"
      />
      <div
        class="space-y-3 mt-5"
      >
        <div
          class="w-full rounded-2xl overflow-hidden"
        >
          <div
            class="grid min-h-[30svh] grid-cols-4 gap-2 max-md:grid-cols-2"
          >
            <div
              class="aspect-[9/9] overflow-hidden group bg-neutral-200 animate-pulse
                    col-span-2 row-span-2
                 "
            />
            <div
              class="aspect-[9/9] overflow-hidden group bg-neutral-200 animate-pulse
                    
                 "
            />
            <div
              class="aspect-[9/9] overflow-hidden group bg-neutral-200 animate-pulse
                    
                 "
            />
            <div
              class="aspect-[9/9] overflow-hidden group bg-neutral-200 animate-pulse
                    
                 "
            />
            <div
              class="aspect-[9/9] overflow-hidden group bg-neutral-200 animate-pulse
                    
                 "
            />
          </div>
        </div>
        <div
          class="w-32 h-5 bg-neutral-200 rounded-xl animate-pulse"
        />
      </div>
    </div>
  </div>
</div>
`;
